mode: atomic
sezzle-calculator-api/internal/infrastructure/error/custom_errors.go:18.39,20.2 1 0
sezzle-calculator-api/internal/infrastructure/error/custom_errors.go:22.41,24.2 1 0
sezzle-calculator-api/internal/infrastructure/error/custom_errors.go:26.63,33.2 1 0
sezzle-calculator-api/internal/infrastructure/error/custom_errors.go:35.38,37.2 1 0
sezzle-calculator-api/internal/infrastructure/error/custom_errors.go:39.47,41.2 1 0
sezzle-calculator-api/internal/infrastructure/error/custom_errors.go:43.36,45.2 1 0
sezzle-calculator-api/internal/infrastructure/error/custom_errors.go:47.36,49.2 1 0
sezzle-calculator-api/internal/infrastructure/error/custom_errors.go:51.83,59.2 1 0
sezzle-calculator-api/internal/infrastructure/error/error_handler.go:28.66,29.42 1 0
sezzle-calculator-api/internal/infrastructure/error/error_handler.go:29.42,30.17 1 0
sezzle-calculator-api/internal/infrastructure/error/error_handler.go:30.17,32.4 1 0
sezzle-calculator-api/internal/infrastructure/error/error_handler.go:34.3,34.79 1 0
sezzle-calculator-api/internal/infrastructure/error/error_handler.go:34.79,36.4 1 0
sezzle-calculator-api/internal/infrastructure/error/error_handler.go:38.3,50.45 4 0
sezzle-calculator-api/internal/infrastructure/error/error_handler.go:50.45,52.4 1 0
sezzle-calculator-api/internal/infrastructure/error/error_handler.go:52.9,54.4 1 0
sezzle-calculator-api/internal/infrastructure/error/error_handler.go:56.3,57.18 2 0
sezzle-calculator-api/internal/infrastructure/error/error_handler.go:57.18,59.4 1 0
sezzle-calculator-api/internal/infrastructure/error/error_handler.go:61.3,62.44 2 0
sezzle-calculator-api/internal/infrastructure/error/error_handler.go:62.44,64.4 1 0
sezzle-calculator-api/internal/infrastructure/error/error_handler.go:64.9,66.4 1 0
sezzle-calculator-api/internal/infrastructure/error/error_handler.go:67.3,67.22 1 0
sezzle-calculator-api/internal/infrastructure/error/error_handler.go:67.22,69.4 1 0
sezzle-calculator-api/internal/infrastructure/error/error_handler.go:73.48,77.28 3 0
sezzle-calculator-api/internal/infrastructure/error/error_handler.go:77.28,78.40 1 0
sezzle-calculator-api/internal/infrastructure/error/error_handler.go:78.40,80.4 1 0
sezzle-calculator-api/internal/infrastructure/error/error_handler.go:83.2,84.32 2 0
sezzle-calculator-api/internal/infrastructure/error/error_handler.go:84.32,86.20 2 0
sezzle-calculator-api/internal/infrastructure/error/error_handler.go:86.20,88.4 1 0
sezzle-calculator-api/internal/infrastructure/error/error_handler.go:89.3,89.20 1 0
sezzle-calculator-api/internal/infrastructure/error/error_handler.go:89.20,91.4 1 0
sezzle-calculator-api/internal/infrastructure/error/error_handler.go:92.3,92.23 1 0
sezzle-calculator-api/internal/infrastructure/error/error_handler.go:95.2,96.55 2 0
sezzle-calculator-api/internal/infrastructure/error/error_handler.go:96.55,98.3 1 0
sezzle-calculator-api/internal/infrastructure/error/error_handler.go:100.2,100.36 1 0
sezzle-calculator-api/internal/domain/service/calculator_service.go:27.86,29.2 1 13
sezzle-calculator-api/internal/domain/service/calculator_service.go:31.91,33.2 1 10
sezzle-calculator-api/internal/domain/service/calculator_service.go:35.91,37.2 1 11
sezzle-calculator-api/internal/domain/service/calculator_service.go:39.91,40.17 1 17
sezzle-calculator-api/internal/domain/service/calculator_service.go:40.17,42.3 1 3
sezzle-calculator-api/internal/domain/service/calculator_service.go:43.2,43.28 1 14
sezzle-calculator-api/internal/domain/service/calculator_service.go:46.98,48.2 1 22
sezzle-calculator-api/internal/domain/service/calculator_service.go:50.77,51.15 1 12
sezzle-calculator-api/internal/domain/service/calculator_service.go:51.15,53.3 1 2
sezzle-calculator-api/internal/domain/service/calculator_service.go:54.2,54.30 1 10
sezzle-calculator-api/internal/domain/service/calculator_service.go:57.77,59.2 1 11
sezzle-calculator-api/internal/domain/service/calculator_service.go:61.47,63.2 1 12
sezzle-calculator-api/internal/infrastructure/error/custom_errors.go:18.39,20.2 1 0
sezzle-calculator-api/internal/infrastructure/error/custom_errors.go:22.41,24.2 1 0
sezzle-calculator-api/internal/infrastructure/error/custom_errors.go:26.63,33.2 1 0
sezzle-calculator-api/internal/infrastructure/error/custom_errors.go:35.38,37.2 1 0
sezzle-calculator-api/internal/infrastructure/error/custom_errors.go:39.47,41.2 1 0
sezzle-calculator-api/internal/infrastructure/error/custom_errors.go:43.36,45.2 1 0
sezzle-calculator-api/internal/infrastructure/error/custom_errors.go:47.36,49.2 1 0
sezzle-calculator-api/internal/infrastructure/error/custom_errors.go:51.83,59.2 1 0
sezzle-calculator-api/internal/infrastructure/error/error_handler.go:28.66,29.42 1 0
sezzle-calculator-api/internal/infrastructure/error/error_handler.go:29.42,30.17 1 0
sezzle-calculator-api/internal/infrastructure/error/error_handler.go:30.17,32.4 1 0
sezzle-calculator-api/internal/infrastructure/error/error_handler.go:34.3,34.79 1 0
sezzle-calculator-api/internal/infrastructure/error/error_handler.go:34.79,36.4 1 0
sezzle-calculator-api/internal/infrastructure/error/error_handler.go:38.3,50.45 4 0
sezzle-calculator-api/internal/infrastructure/error/error_handler.go:50.45,52.4 1 0
sezzle-calculator-api/internal/infrastructure/error/error_handler.go:52.9,54.4 1 0
sezzle-calculator-api/internal/infrastructure/error/error_handler.go:56.3,57.18 2 0
sezzle-calculator-api/internal/infrastructure/error/error_handler.go:57.18,59.4 1 0
sezzle-calculator-api/internal/infrastructure/error/error_handler.go:61.3,62.44 2 0
sezzle-calculator-api/internal/infrastructure/error/error_handler.go:62.44,64.4 1 0
sezzle-calculator-api/internal/infrastructure/error/error_handler.go:64.9,66.4 1 0
sezzle-calculator-api/internal/infrastructure/error/error_handler.go:67.3,67.22 1 0
sezzle-calculator-api/internal/infrastructure/error/error_handler.go:67.22,69.4 1 0
sezzle-calculator-api/internal/infrastructure/error/error_handler.go:73.48,77.28 3 0
sezzle-calculator-api/internal/infrastructure/error/error_handler.go:77.28,78.40 1 0
sezzle-calculator-api/internal/infrastructure/error/error_handler.go:78.40,80.4 1 0
sezzle-calculator-api/internal/infrastructure/error/error_handler.go:83.2,84.32 2 0
sezzle-calculator-api/internal/infrastructure/error/error_handler.go:84.32,86.20 2 0
sezzle-calculator-api/internal/infrastructure/error/error_handler.go:86.20,88.4 1 0
sezzle-calculator-api/internal/infrastructure/error/error_handler.go:89.3,89.20 1 0
sezzle-calculator-api/internal/infrastructure/error/error_handler.go:89.20,91.4 1 0
sezzle-calculator-api/internal/infrastructure/error/error_handler.go:92.3,92.23 1 0
sezzle-calculator-api/internal/infrastructure/error/error_handler.go:95.2,96.55 2 0
sezzle-calculator-api/internal/infrastructure/error/error_handler.go:96.55,98.3 1 0
sezzle-calculator-api/internal/infrastructure/error/error_handler.go:100.2,100.36 1 0
sezzle-calculator-api/internal/infrastructure/handler/calculator_handler.go:42.91,44.2 1 0
sezzle-calculator-api/internal/infrastructure/handler/calculator_handler.go:57.70,59.37 2 0
sezzle-calculator-api/internal/infrastructure/handler/calculator_handler.go:59.37,61.3 1 0
sezzle-calculator-api/internal/infrastructure/handler/calculator_handler.go:63.2,64.15 2 0
sezzle-calculator-api/internal/infrastructure/handler/calculator_handler.go:64.15,66.3 1 0
sezzle-calculator-api/internal/infrastructure/handler/calculator_handler.go:68.2,68.49 1 0
sezzle-calculator-api/internal/infrastructure/handler/calculator_handler.go:68.49,70.3 1 0
sezzle-calculator-api/internal/infrastructure/handler/calculator_handler.go:72.2,73.16 2 0
sezzle-calculator-api/internal/infrastructure/handler/calculator_handler.go:73.16,74.95 1 0
sezzle-calculator-api/internal/infrastructure/handler/calculator_handler.go:74.95,76.4 1 0
sezzle-calculator-api/internal/infrastructure/handler/calculator_handler.go:77.3,77.13 1 0
sezzle-calculator-api/internal/infrastructure/handler/calculator_handler.go:80.2,80.23 1 0
sezzle-calculator-api/internal/infrastructure/handler/calculator_handler.go:80.23,82.3 1 0
sezzle-calculator-api/internal/infrastructure/handler/calculator_handler.go:84.2,84.65 1 0
sezzle-calculator-api/internal/infrastructure/handler/calculator_handler.go:88.35,90.2 1 0
sezzle-calculator-api/internal/infrastructure/handler/calculator_handler.go:93.37,95.2 1 0
sezzle-calculator-api/internal/infrastructure/handler/calculator_handler.go:99.68,103.25 3 0
sezzle-calculator-api/internal/infrastructure/handler/calculator_handler.go:103.25,105.3 1 0
sezzle-calculator-api/internal/infrastructure/handler/calculator_handler.go:106.2,106.36 1 0
sezzle-calculator-api/internal/infrastructure/handler/calculator_handler.go:106.36,108.3 1 0
sezzle-calculator-api/internal/infrastructure/handler/calculator_handler.go:111.2,111.63 1 0
sezzle-calculator-api/internal/infrastructure/handler/calculator_handler.go:111.63,113.3 1 0
sezzle-calculator-api/internal/infrastructure/handler/calculator_handler.go:115.2,115.12 1 0
sezzle-calculator-api/internal/infrastructure/handler/calculator_handler.go:118.102,119.12 1 0
sezzle-calculator-api/internal/infrastructure/handler/calculator_handler.go:120.11,121.34 1 0
sezzle-calculator-api/internal/infrastructure/handler/calculator_handler.go:122.16,123.39 1 0
sezzle-calculator-api/internal/infrastructure/handler/calculator_handler.go:124.16,125.39 1 0
sezzle-calculator-api/internal/infrastructure/handler/calculator_handler.go:126.16,127.39 1 0
sezzle-calculator-api/internal/infrastructure/handler/calculator_handler.go:128.22,129.45 1 0
sezzle-calculator-api/internal/infrastructure/handler/calculator_handler.go:131.18,132.50 1 0
sezzle-calculator-api/internal/infrastructure/handler/calculator_handler.go:132.50,134.4 1 0
sezzle-calculator-api/internal/infrastructure/handler/calculator_handler.go:135.18,136.50 1 0
sezzle-calculator-api/internal/infrastructure/handler/calculator_handler.go:136.50,138.4 1 0
sezzle-calculator-api/internal/infrastructure/handler/calculator_handler.go:139.10,140.13 1 0
sezzle-calculator-api/internal/infrastructure/handler/calculator_handler.go:144.53,146.2 1 0
sezzle-calculator-api/internal/infrastructure/handler/health_handler.go:17.40,19.2 1 0
sezzle-calculator-api/internal/infrastructure/handler/health_handler.go:29.65,31.2 1 0
sezzle-calculator-api/internal/infrastructure/handler/health_handler.go:33.49,35.2 1 0
sezzle-calculator-api/internal/domain/service/calculator_service.go:27.86,29.2 1 0
sezzle-calculator-api/internal/domain/service/calculator_service.go:31.91,33.2 1 0
sezzle-calculator-api/internal/domain/service/calculator_service.go:35.91,37.2 1 0
sezzle-calculator-api/internal/domain/service/calculator_service.go:39.91,40.17 1 0
sezzle-calculator-api/internal/domain/service/calculator_service.go:40.17,42.3 1 0
sezzle-calculator-api/internal/domain/service/calculator_service.go:43.2,43.28 1 0
sezzle-calculator-api/internal/domain/service/calculator_service.go:46.98,48.2 1 0
sezzle-calculator-api/internal/domain/service/calculator_service.go:50.77,51.15 1 0
sezzle-calculator-api/internal/domain/service/calculator_service.go:51.15,53.3 1 0
sezzle-calculator-api/internal/domain/service/calculator_service.go:54.2,54.30 1 0
sezzle-calculator-api/internal/domain/service/calculator_service.go:57.77,59.2 1 0
sezzle-calculator-api/internal/domain/service/calculator_service.go:61.47,63.2 1 0
sezzle-calculator-api/internal/infrastructure/error/custom_errors.go:18.39,20.2 1 0
sezzle-calculator-api/internal/infrastructure/error/custom_errors.go:22.41,24.2 1 21
sezzle-calculator-api/internal/infrastructure/error/custom_errors.go:26.63,33.2 1 21
sezzle-calculator-api/internal/infrastructure/error/custom_errors.go:35.38,37.2 1 21
sezzle-calculator-api/internal/infrastructure/error/custom_errors.go:39.47,41.2 1 0
sezzle-calculator-api/internal/infrastructure/error/custom_errors.go:43.36,45.2 1 0
sezzle-calculator-api/internal/infrastructure/error/custom_errors.go:47.36,49.2 1 0
sezzle-calculator-api/internal/infrastructure/error/custom_errors.go:51.83,59.2 1 21
sezzle-calculator-api/internal/infrastructure/error/error_handler.go:28.66,29.42 1 41
sezzle-calculator-api/internal/infrastructure/error/error_handler.go:29.42,30.17 1 27
sezzle-calculator-api/internal/infrastructure/error/error_handler.go:30.17,32.4 1 0
sezzle-calculator-api/internal/infrastructure/error/error_handler.go:34.3,34.79 1 27
sezzle-calculator-api/internal/infrastructure/error/error_handler.go:34.79,36.4 1 0
sezzle-calculator-api/internal/infrastructure/error/error_handler.go:38.3,50.45 4 27
sezzle-calculator-api/internal/infrastructure/error/error_handler.go:50.45,52.4 1 4
sezzle-calculator-api/internal/infrastructure/error/error_handler.go:52.9,54.4 1 23
sezzle-calculator-api/internal/infrastructure/error/error_handler.go:56.3,57.18 2 27
sezzle-calculator-api/internal/infrastructure/error/error_handler.go:57.18,59.4 1 1
sezzle-calculator-api/internal/infrastructure/error/error_handler.go:61.3,62.44 2 27
sezzle-calculator-api/internal/infrastructure/error/error_handler.go:62.44,64.4 1 0
sezzle-calculator-api/internal/infrastructure/error/error_handler.go:64.9,66.4 1 27
sezzle-calculator-api/internal/infrastructure/error/error_handler.go:67.3,67.22 1 27
sezzle-calculator-api/internal/infrastructure/error/error_handler.go:67.22,69.4 1 0
sezzle-calculator-api/internal/infrastructure/error/error_handler.go:73.48,77.28 3 27
sezzle-calculator-api/internal/infrastructure/error/error_handler.go:77.28,78.40 1 23
sezzle-calculator-api/internal/infrastructure/error/error_handler.go:78.40,80.4 1 23
sezzle-calculator-api/internal/infrastructure/error/error_handler.go:83.2,84.32 2 27
sezzle-calculator-api/internal/infrastructure/error/error_handler.go:84.32,86.20 2 21
sezzle-calculator-api/internal/infrastructure/error/error_handler.go:86.20,88.4 1 21
sezzle-calculator-api/internal/infrastructure/error/error_handler.go:89.3,89.20 1 21
sezzle-calculator-api/internal/infrastructure/error/error_handler.go:89.20,91.4 1 0
sezzle-calculator-api/internal/infrastructure/error/error_handler.go:92.3,92.23 1 21
sezzle-calculator-api/internal/infrastructure/error/error_handler.go:95.2,96.55 2 6
sezzle-calculator-api/internal/infrastructure/error/error_handler.go:96.55,98.3 1 0
sezzle-calculator-api/internal/infrastructure/error/error_handler.go:100.2,100.36 1 6
sezzle-calculator-api/internal/infrastructure/handler/calculator_handler.go:42.91,44.2 1 37
sezzle-calculator-api/internal/infrastructure/handler/calculator_handler.go:57.70,59.37 2 37
sezzle-calculator-api/internal/infrastructure/handler/calculator_handler.go:59.37,61.3 1 2
sezzle-calculator-api/internal/infrastructure/handler/calculator_handler.go:63.2,64.15 2 35
sezzle-calculator-api/internal/infrastructure/handler/calculator_handler.go:64.15,66.3 1 3
sezzle-calculator-api/internal/infrastructure/handler/calculator_handler.go:68.2,68.49 1 32
sezzle-calculator-api/internal/infrastructure/handler/calculator_handler.go:68.49,70.3 1 5
sezzle-calculator-api/internal/infrastructure/handler/calculator_handler.go:72.2,73.16 2 27
sezzle-calculator-api/internal/infrastructure/handler/calculator_handler.go:73.16,74.95 1 5
sezzle-calculator-api/internal/infrastructure/handler/calculator_handler.go:74.95,76.4 1 2
sezzle-calculator-api/internal/infrastructure/handler/calculator_handler.go:77.3,77.13 1 3
sezzle-calculator-api/internal/infrastructure/handler/calculator_handler.go:80.2,80.23 1 21
sezzle-calculator-api/internal/infrastructure/handler/calculator_handler.go:80.23,82.3 1 9
sezzle-calculator-api/internal/infrastructure/handler/calculator_handler.go:84.2,84.65 1 12
sezzle-calculator-api/internal/infrastructure/handler/calculator_handler.go:88.35,90.2 1 73
sezzle-calculator-api/internal/infrastructure/handler/calculator_handler.go:93.37,95.2 1 32
sezzle-calculator-api/internal/infrastructure/handler/calculator_handler.go:99.68,103.25 3 32
sezzle-calculator-api/internal/infrastructure/handler/calculator_handler.go:103.25,105.3 1 1
sezzle-calculator-api/internal/infrastructure/handler/calculator_handler.go:106.2,106.36 1 31
sezzle-calculator-api/internal/infrastructure/handler/calculator_handler.go:106.36,108.3 1 1
sezzle-calculator-api/internal/infrastructure/handler/calculator_handler.go:111.2,111.63 1 30
sezzle-calculator-api/internal/infrastructure/handler/calculator_handler.go:111.63,113.3 1 3
sezzle-calculator-api/internal/infrastructure/handler/calculator_handler.go:115.2,115.12 1 27
sezzle-calculator-api/internal/infrastructure/handler/calculator_handler.go:118.102,119.12 1 35
sezzle-calculator-api/internal/infrastructure/handler/calculator_handler.go:120.11,121.34 1 13
sezzle-calculator-api/internal/infrastructure/handler/calculator_handler.go:122.16,123.39 1 2
sezzle-calculator-api/internal/infrastructure/handler/calculator_handler.go:124.16,125.39 1 3
sezzle-calculator-api/internal/infrastructure/handler/calculator_handler.go:126.16,127.39 1 5
sezzle-calculator-api/internal/infrastructure/handler/calculator_handler.go:128.22,129.45 1 3
sezzle-calculator-api/internal/infrastructure/handler/calculator_handler.go:131.18,132.50 1 4
sezzle-calculator-api/internal/infrastructure/handler/calculator_handler.go:132.50,134.4 1 4
sezzle-calculator-api/internal/infrastructure/handler/calculator_handler.go:135.18,136.50 1 2
sezzle-calculator-api/internal/infrastructure/handler/calculator_handler.go:136.50,138.4 1 2
sezzle-calculator-api/internal/infrastructure/handler/calculator_handler.go:139.10,140.13 1 3
sezzle-calculator-api/internal/infrastructure/handler/calculator_handler.go:144.53,146.2 1 37
sezzle-calculator-api/internal/infrastructure/handler/health_handler.go:17.40,19.2 1 5
sezzle-calculator-api/internal/infrastructure/handler/health_handler.go:29.65,31.2 1 3
sezzle-calculator-api/internal/infrastructure/handler/health_handler.go:33.49,35.2 1 5
